<ResourceDictionary
	xmlns="http://schemas.microsoft.com/winfx/2006/xaml/presentation"
	xmlns:x="http://schemas.microsoft.com/winfx/2006/xaml"
	xmlns:local="clr-namespace:XamlMagic">
	<Style x:Key="ToggleButtonStyle" TargetType="ToggleButton">
		<Setter Property="local:AttachedProperties.MyProperty" Value="Red" />
		<Setter Property="BorderThickness" Value="1" />
	</Style>
</ResourceDictionary>